=== A2 rs-backup (rs-backup 1.10.0, webfinger 2.7.1) ===
seeding rstest storage root
rs-backup: rstest@nextcloud -> /tmp/rs-backup
[4m>>>> Executing external compose provider "/home/jono/.nix-profile/bin/docker-compose". Please see podman-compose(1) for how to disable this message. <<<<

[0mStarting backup...

Wrote notes/hello.txt
Wrote notes/blob.bin
Wrote notes/typed.json
Wrote notes/sub/nested.json
rs-restore: /tmp/rs-backup -> rsexplore-fresh@nextcloud
[4m>>>> Executing external compose provider "/home/jono/.nix-profile/bin/docker-compose". Please see podman-compose(1) for how to disable this message. <<<<

[0m
Starting restore...

Restored notes/typed.json (201)
Restored notes/hello.txt (201)
Restored notes/sub/nested.json (201)
Restored notes/blob.bin (201)
--- checks ---
pass	A2-byte:notes/hello.txt	5eb63bbbe01eeed093cb22bb8f5acdc3
pass	A2-byte:notes/sub/nested.json	bb6cb5c68df4652941caf652a366f2d8
pass	A2-byte:notes/blob.bin	8a96f80afff8777c4d95ab953b3224d0
pass	A2-byte:notes/typed.json	bb6cb5c68df4652941caf652a366f2d8
pass	A2-ctype:hello.txt	text/plain
pass	A2-ctype:typed.json	text/plain
pass	A2-ctype:blob.bin	application/x-bin
pass	A2-empty-folder	notes/empty absent (listings omit empty folders)
pass	A2-sidecar	000_ not restored
wrote explore/sessions/rs-backup/result.json
