=== B3u upstream RS Inspektor @ 0bece35 ===
remotestoragejs 1.1.0, remotestorage-widget 1.3.0
seeded /b3/ (hello.json, notes.txt, pic.png, pic-rsjs.png, sub/deep.txt)
--- server listing of /b3/ (Bearer *:rw) ---
{
  "@context": "http://remotestorage.io/spec/folder-description",
  "items": {
    "sub/": {
      "ETag": "6ac7c01c303d0"
    },
    "hello.json": {
      "ETag": "5eb9df69e98b695d80b18e54f6a6a138",
      "Content-Type": "application/json",
      "Content-Length": 35,
      "Last-Modified": "Thu, 08 Oct 2026 16:08:58 GMT"
    },
    "notes.txt": {
      "ETag": "909fbaeb44866740db249cc247114448",
      "Content-Type": "text/plain",
      "Content-Length": 15,
      "Last-Modified": "Thu, 08 Oct 2026 16:08:58 GMT"
    },
    "pic.png": {
      "ETag": "b10191ce60229127a04a861508b16336",
      "Content-Type": "image/png",
      "Content-Length": 70,
      "Last-Modified": "Thu, 08 Oct 2026 16:08:59 GMT"
    },
    "pic-rsjs.png": {
      "ETag": "9db40df524c42b441d6549a513f44ee1",
      "Content-Type": "image/png; charset=binary",
      "Content-Length": 70,
      "Last-Modified": "Thu, 08 Oct 2026 16:08:59 GMT"
    }
  }
}
[4m>>>> Executing external compose provider "/home/jono/.nix-profile/bin/docker-compose". Please see podman-compose(1) for how to disable this message. <<<<

[0m
Running 1 test using 1 worker

{
  "server": {
    "sub/": {
      "ETag": "6ac7c01c303d0"
    },
    "hello.json": {
      "ETag": "5eb9df69e98b695d80b18e54f6a6a138",
      "Content-Type": "application/json",
      "Content-Length": 35,
      "Last-Modified": "Thu, 08 Oct 2026 16:08:58 GMT"
    },
    "notes.txt": {
      "ETag": "909fbaeb44866740db249cc247114448",
      "Content-Type": "text/plain",
      "Content-Length": 15,
      "Last-Modified": "Thu, 08 Oct 2026 16:08:58 GMT"
    },
    "pic.png": {
      "ETag": "b10191ce60229127a04a861508b16336",
      "Content-Type": "image/png",
      "Content-Length": 70,
      "Last-Modified": "Thu, 08 Oct 2026 16:08:59 GMT"
    },
    "pic-rsjs.png": {
      "ETag": "9db40df524c42b441d6549a513f44ee1",
      "Content-Type": "image/png; charset=binary",
      "Content-Length": 70,
      "Last-Modified": "Thu, 08 Oct 2026 16:08:59 GMT"
    }
  },
  "root": [
    "b3/"
  ],
  "b3Listing": [
    {
      "name": "sub/",
      "size": "",
      "type": "folder"
    },
    {
      "name": "hello.json",
      "size": "35 bytes",
      "type": "application/json"
    },
    {
      "name": "notes.txt",
      "size": "15 bytes",
      "type": "text/plain"
    },
    {
      "name": "pic-rsjs.png",
      "size": "70 bytes",
      "type": "image/png"
    },
    {
      "name": "pic.png",
      "size": "70 bytes",
      "type": "image/png"
    }
  ],
  "jsonTree": "contentObject[2] greetinghi nestedObject[1] n42",
  "hello.json": {
    "Name": "hello.json",
    "Content type": "application/json",
    "Size": "35 bytes",
    "Revision (ETag)": "5eb9df69e98b695d80b18e54f6a6a138"
  },
  "images": {
    "pic.png": {
      "info": {
        "Name": "pic.png",
        "Content type": "image/png",
        "Size": "70 bytes",
        "Revision (ETag)": "b10191ce60229127a04a861508b16336"
      },
      "preview": "not rendered",
      "imgSrc": null,
      "natural": null,
      "codeText": ""
    },
    "pic-rsjs.png": {
      "info": {
        "Name": "pic-rsjs.png",
        "Content type": "image/png",
        "Size": "70 bytes",
        "Revision (ETag)": "9db40df524c42b441d6549a513f44ee1"
      },
      "preview": "rendered",
      "imgSrc": "blob:http://localhost:8082/363a2b8b-63d7-482e-9845-4251e738a794",
      "natural": {
        "complete": true,
        "w": 1,
        "h": 1
      },
      "codeText": null
    }
  },
  "notes.txt": {
    "Name": "notes.txt",
    "Content type": "text/plain",
    "Size": "15 bytes",
    "Revision (ETag)": "909fbaeb44866740db249cc247114448"
  }
}
  ✓  1 explore/explore-inspektor-upstream.spec.ts:89:5 › B3u upstream RS Inspektor: connect, browse, JSON tree, image preview + metadata, delete (15.2s)

  1 passed (15.6s)
--- checks ---
pass	B3u
{
  "server": {
    "sub/": {
      "ETag": "6ac7c01c303d0"
    },
    "hello.json": {
      "ETag": "5eb9df69e98b695d80b18e54f6a6a138",
      "Content-Type": "application/json",
      "Content-Length": 35,
      "Last-Modified": "Thu, 08 Oct 2026 16:08:58 GMT"
    },
    "notes.txt": {
      "ETag": "909fbaeb44866740db249cc247114448",
      "Content-Type": "text/plain",
      "Content-Length": 15,
      "Last-Modified": "Thu, 08 Oct 2026 16:08:58 GMT"
    },
    "pic.png": {
      "ETag": "b10191ce60229127a04a861508b16336",
      "Content-Type": "image/png",
      "Content-Length": 70,
      "Last-Modified": "Thu, 08 Oct 2026 16:08:59 GMT"
    },
    "pic-rsjs.png": {
      "ETag": "9db40df524c42b441d6549a513f44ee1",
      "Content-Type": "image/png; charset=binary",
      "Content-Length": 70,
      "Last-Modified": "Thu, 08 Oct 2026 16:08:59 GMT"
    }
  },
  "root": [
    "b3/"
  ],
  "b3Listing": [
    {
      "name": "sub/",
      "size": "",
      "type": "folder"
    },
    {
      "name": "hello.json",
      "size": "35 bytes",
      "type": "application/json"
    },
    {
      "name": "notes.txt",
      "size": "15 bytes",
      "type": "text/plain"
    },
    {
      "name": "pic-rsjs.png",
      "size": "70 bytes",
      "type": "image/png"
    },
    {
      "name": "pic.png",
      "size": "70 bytes",
      "type": "image/png"
    }
  ],
  "jsonTree": "contentObject[2] greetinghi nestedObject[1] n42",
  "hello.json": {
    "Name": "hello.json",
    "Content type": "application/json",
    "Size": "35 bytes",
    "Revision (ETag)": "5eb9df69e98b695d80b18e54f6a6a138"
  },
  "images": {
    "pic.png": {
      "info": {
        "Name": "pic.png",
        "Content type": "image/png",
        "Size": "70 bytes",
        "Revision (ETag)": "b10191ce60229127a04a861508b16336"
      },
      "preview": "not rendered",
      "imgSrc": null,
      "natural": null,
      "codeText": ""
    },
    "pic-rsjs.png": {
      "info": {
        "Name": "pic-rsjs.png",
        "Content type": "image/png",
        "Size": "70 bytes",
        "Revision (ETag)": "9db40df524c42b441d6549a513f44ee1"
      },
      "preview": "rendered",
      "imgSrc": "blob:http://localhost:8082/363a2b8b-63d7-482e-9845-4251e738a794",
      "natural": {
        "complete": true,
        "w": 1,
        "h": 1
      },
      "codeText": null
    }
  },
  "notes.txt": {
    "Name": "notes.txt",
    "Content type": "text/plain",
    "Size": "15 bytes",
    "Revision (ETag)": "909fbaeb44866740db249cc247114448"
  }
}
wrote explore/sessions/inspektor-upstream/result.json; artifacts in explore/sessions/inspektor-upstream/artifacts
